// Jest Snapshot v1, https://goo.gl/fbAQLP

exports[`renders homepage unchanged 1`] = `
<div>
  <main
    class="main"
  >
    <h1
      class="title"
    >
      Welcome to 
      <a
        href="https://nextjs.org"
      >
        Next.js!
      </a>
    </h1>
    <p
      class="description"
    >
      Get started by editing 
      <code>
        pages/index.tsx
      </code>
    </p>
    <button
      class="button"
    >
      Boom!
    </button>
  </main>
</div>
`;
